2026-08-16 18:44:14,878 - aggregator - INFO - Проверка/создание таблиц БД...
2026-08-16 18:44:15,086 - aggregator - INFO - Таблицы готовы.
2026-08-16 18:44:15,086 - aggregator - ERROR - BOT_TOKEN не найден в .env
2026-08-16 18:44:53,476 - aggregator - INFO - Проверка/создание таблиц БД...
2026-08-16 18:44:53,526 - aggregator - INFO - Таблицы готовы.
2026-08-16 18:44:53,655 - aggregator - INFO - Все обработчики зарегистрированы.
2026-08-16 18:44:53,655 - aggregator - INFO - Бот запущен. Начинаем polling...
2026-08-16 18:47:07,458 - aggregator - INFO - Проверка/создание таблиц БД...
2026-08-16 18:47:07,508 - aggregator - INFO - Таблицы готовы.
2026-08-16 18:47:07,635 - aggregator - INFO - Все обработчики зарегистрированы.
2026-08-16 18:47:07,635 - aggregator - INFO - Бот запущен. Начинаем polling...
2026-08-16 18:52:58,613 - aggregator - INFO - Проверка/создание таблиц БД...
2026-08-16 18:52:58,662 - aggregator - INFO - Таблицы готовы.
2026-08-16 18:53:41,635 - aggregator - INFO - Проверка/создание таблиц БД...
2026-08-16 18:53:41,684 - aggregator - INFO - Таблицы готовы.
2026-08-16 18:54:41,346 - aggregator - INFO - Проверка/создание таблиц БД...
2026-08-16 18:54:41,395 - aggregator - INFO - Таблицы готовы.
2026-08-16 18:56:05,739 - aggregator - INFO - Проверка/создание таблиц БД...
2026-08-16 18:56:05,789 - aggregator - INFO - Таблицы готовы.
2026-08-16 18:56:05,916 - aggregator - INFO - Все обработчики зарегистрированы.
2026-08-16 18:56:05,916 - aggregator - INFO - Бот запущен. Начинаем polling...
2026-08-16 18:59:38,360 - aggregator - INFO - Проверка/создание таблиц БД...
2026-08-16 18:59:38,409 - aggregator - INFO - Таблицы готовы.
2026-08-16 18:59:38,537 - aggregator - INFO - Все обработчики зарегистрированы.
2026-08-16 18:59:38,537 - aggregator - INFO - Бот запущен. Начинаем polling...
2026-08-16 19:20:07,849 - aggregator - INFO - Проверка/создание таблиц БД...
2026-08-16 19:20:07,899 - aggregator - INFO - Таблицы готовы.
2026-08-16 19:20:08,030 - aggregator - INFO - Все обработчики зарегистрированы.
2026-08-16 19:20:08,030 - aggregator - INFO - Бот запущен. Начинаем polling...
2026-08-16 19:25:37,511 - aggregator - INFO - Проверка/создание таблиц БД...
2026-08-16 19:25:37,560 - aggregator - INFO - Таблицы готовы.
2026-08-16 19:26:58,039 - aggregator - INFO - Проверка/создание таблиц БД...
2026-08-16 19:26:58,089 - aggregator - INFO - Таблицы готовы.
2026-08-16 19:27:25,892 - aggregator - INFO - Проверка/создание таблиц БД...
2026-08-16 19:27:25,941 - aggregator - INFO - Таблицы готовы.
2026-08-16 19:31:14,791 - aggregator - INFO - Проверка/создание таблиц БД...
2026-08-16 19:31:14,841 - aggregator - INFO - Таблицы готовы.
2026-08-16 19:31:15,033 - aggregator - INFO - Все обработчики зарегистрированы.
2026-08-16 19:31:15,033 - aggregator - INFO - Бот запущен. Начинаем polling...
2026-08-16 19:32:46,935 - aggregator - INFO - Проверка/создание таблиц БД...
2026-08-16 19:35:39,477 - aggregator - INFO - Проверка/создание таблиц БД...
2026-08-16 19:45:12,641 - aggregator - INFO - Проверка/создание таблиц БД...
2026-08-16 19:48:03,665 - aggregator - INFO - Проверка/создание таблиц БД...
2026-08-16 19:48:03,729 - aggregator - INFO - Таблицы готовы.
2026-08-16 19:48:03,856 - aggregator - INFO - Все обработчики зарегистрированы.
2026-08-16 19:48:03,856 - aggregator - INFO - Бот запущен. Начинаем polling...
